[easyshop64.com/index.html]
[backblue.gif]
[fade.gif]
[index.html]
[i2.wp.com/easyshop64.com/wp-content/uploads/2021/09/cropped-Easy-App-PNGf55f.png]
[c0.wp.com/c/5.8.1/wp-includes/css/dist/block-library/style.min.css]
[c0.wp.com/c/5.8.1/wp-includes/js/mediaelement/mediaelementplayer-legacy.min.css]
[c0.wp.com/c/5.8.1/wp-includes/js/mediaelement/wp-mediaelement.min.css]
[easyshop64.com/comments/feed/index.html]
[easyshop64.com/feed/index.html]
[easyshop64.com/wp-content/plugins/contact-form-7/includes/css/styles4245.css]
[easyshop64.com/wp-content/plugins/muslim-prayer-time-bd/css/prayer-timea361.css]
[easyshop64.com/wp-content/themes/neve/style-main-new.min7c45.css]
[easyshop64.com/wp-content/plugins/elementor/assets/lib/eicons/css/elementor-icons.min05c8.css]
[easyshop64.com/wp-content/plugins/elementor/assets/css/frontend.min9bf7.css]
[easyshop64.com/wp-content/uploads/elementor/css/post-10e99f.css]
[easyshop64.com/wp-content/plugins/elementor/assets/lib/eicons/fonts/eicons0b93.eot]
[easyshop64.com/wp-content/plugins/elementor-pro/assets/css/frontend.minee9a.css]
[easyshop64.com/wp-content/uploads/elementor/css/globale99f.css]
[easyshop64.com/wp-content/uploads/elementor/css/post-6409ec6.css]
[c0.wp.com/p/jetpack/10.2.1/css/jetpack.css]
[c0.wp.com/c/5.8.1/wp-includes/js/jquery/jquery.min.js]
[c0.wp.com/c/5.8.1/wp-includes/js/jquery/jquery-migrate.min.js]
[easyshop64.com/wp-json/wp/v2/pages/640.json]
[easyshop64.com/wp-json/index.html]
[easyshop64.com/wp-includes/wlwmanifest.xml]
[easyshop64.com/wp-json/oembed/1.0/embed436c.json]
[easyshop64.com/wp-json/oembed/1.0/embed9267]
[pagead2.googlesyndication.com/pagead/js/f.txt]
[i1.wp.com/easyshop64.com/wp-content/uploads/2021/08/cropped-EP-PNGe43b.png]
[i1.wp.com/easyshop64.com/wp-content/uploads/2021/08/cropped-EP-PNG98d8.png]
[i1.wp.com/easyshop64.com/wp-content/uploads/2021/08/cropped-EP-PNGf9b5.png]
[i0.wp.com/easyshop64.com/wp-content/uploads/2021/08/e-comerce12f3.jpg]
[easyshop64.com/biz-express/index.html]
[i0.wp.com/easyshop64.com/wp-content/uploads/2021/08/e-comercefee8.jpg]
[easyshop64.com/ecommerce/index.html]
[i2.wp.com/easyshop64.com/wp-content/uploads/2021/08/tv12f3.jpg]
[easyshop64.com/youtube/index.html]
[easyshop64.com/contact-us/index.html]
[easyshop64.com/all-sim/index.html]
[i2.wp.com/easyshop64.com/wp-content/uploads/2021/08/tvfee8.jpg]
[easyshop64.com/terms-conditions/index.html]
[easyshop64.com/about-us-2/index.html]
[easyshop64.com/privacy-policy/index.html]
[i0.wp.com/easyshop64.com/wp-content/uploads/2021/08/boom-boom-1fee8.jpg]
[easyshop64.com/2021/09/07/e/index.html]
[easyshop64.com/all-tv-channel/index.html]
[easyshop64.com/all-newspaper/index.html]
[i2.wp.com/easyshop64.com/wp-content/uploads/2021/08/Radiofee8.jpg]
[easyshop64.com/2021/09/28/all-radio-channel/index.html]
[i1.wp.com/easyshop64.com/wp-content/uploads/2021/08/Sim-allfee8.jpg]
[i1.wp.com/easyshop64.com/wp-content/uploads/2021/08/Googlefee8.jpg]
[i2.wp.com/easyshop64.com/wp-content/uploads/2021/09/All-job-Easy-Shop64-easy-Appsfee8.jpg]
[easyshop64.com/2021/09/09/all-job-bd-job/index.html]
[i1.wp.com/easyshop64.com/wp-content/uploads/2021/09/tutorfee8.jpg]
[i0.wp.com/easyshop64.com/wp-content/uploads/2021/09/10-munite-School-1fee8.jpg]
[i2.wp.com/easyshop64.com/wp-content/uploads/2021/10/Scientific-Age-Calculatorfee8.jpg]
[i0.wp.com/easyshop64.com/wp-content/uploads/2021/09/Sadharon-gainfee8.jpg]
[i2.wp.com/easyshop64.com/wp-content/uploads/2021/10/All-BD-resultfee8.jpg]
[easyshop64.com/scientific-and-age-calculator/index.html]
[easyshop64.com/2021/09/28/সাধারণ-জ্ঞান-বাংলাদেশ-বি/index.html]
[easyshop64.com/2021/10/10/all-exam-result/index.html]
[i1.wp.com/easyshop64.com/wp-content/uploads/2021/09/Digital-Hospitaldf97.jpg]
[i2.wp.com/easyshop64.com/wp-content/uploads/2021/08/Hospital-Address-Detailsfee8.jpg]
[i1.wp.com/easyshop64.com/wp-content/uploads/2021/08/sportsfee8.jpg]
[easyshop64.com/2021/08/20/hospital-address-details/index.html]
[i1.wp.com/easyshop64.com/wp-content/uploads/2021/08/Bikroyfee8.jpg]
[i1.wp.com/easyshop64.com/wp-content/uploads/2021/09/bioscope-Bongofee8.jpg]
[i2.wp.com/easyshop64.com/wp-content/uploads/2021/08/youtubefee8.jpg]
[i2.wp.com/easyshop64.com/wp-content/uploads/2021/09/All-Mobile-Update-copyfee8.jpg]
[easyshop64.com/2021/09/18/bioscope-bongo/index.html]
[i2.wp.com/easyshop64.com/wp-content/uploads/2021/09/bus-lanchfee8.jpg]
[i2.wp.com/easyshop64.com/wp-content/uploads/2021/09/Lanch-o-busfee8.jpg]
[easyshop64.com/2021/09/13/all-new-mobile-update/index.html]
[easyshop64.com/2021/09/13/train-ticket-online/index.html]
[easyshop64.com/2021/09/23/lanch-bus-time/index.html]
[i0.wp.com/easyshop64.com/wp-content/uploads/2021/09/Nurani-Namaz-Sishkhafee8.jpg]
[easyshop64.com/2021/09/13/namaz-sikkha/index.html]
[i0.wp.com/easyshop64.com/wp-content/uploads/2021/09/Marriage-Mediafee8.jpg]
[i2.wp.com/easyshop64.com/wp-content/uploads/2021/09/Tiktok-2fee8.jpg]
[easyshop64.com/2021/09/23/marriage-media/index.html]
[i0.wp.com/easyshop64.com/wp-content/uploads/2021/09/bd-porjoton-kenrofee8.jpg]
[easyshop64.com/tiktok/index.html]
[i0.wp.com/easyshop64.com/wp-content/uploads/2021/10/pic-becround-1fee8.jpg]
[i2.wp.com/easyshop64.com/wp-content/uploads/2021/10/Health-Tipsfee8.jpg]
[easyshop64.com/2021/09/09/পর্যটন-কেন্দ্র/index.html]
[i2.wp.com/easyshop64.com/wp-content/uploads/2021/10/book-shop-all-Easyshop64.com_fee8.jpg]
[i2.wp.com/easyshop64.com/wp-content/uploads/2021/09/Domain-hostingfee8.jpg]
[easyshop64.com/2021/08/16/rup-chorcha/index.html]
[easyshop64.com/2021/10/02/বই-ভান্ডার/index.html]
[i1.wp.com/easyshop64.com/wp-content/uploads/2021/09/Computer-all-softwarefee8.jpg]
[easyshop64.com/2021/09/23/computer-all-software/index.html]
[easyshop64.com/2021/09/19/domain-hosting-service/index.html]
[i1.wp.com/easyshop64.com/wp-content/uploads/2021/09/icegif-852cff6.gif]
[easyshop64.com/_data_image/svg+xml,_svg xmlns=http_/www.w3.org/2000/svg preserveAspectRatio=none overflow=visible height=100% viewBox=0 0 24 24 fill=black stroke=none__path d=M24,8v12H0V8H24z M24,4v1H0V4H24z/__/svg_]
[i0.wp.com/easyshop64.com/wp-content/uploads/2021/09/joruri-hotline-389x1024-12522.jpg]
[easyshop64.com/wp-content/plugins/elementor/assets/lib/animations/animations.min9bf7.css]
[c0.wp.com/p/jetpack/10.2.1/_inc/build/photon/photon.min.js]
[c0.wp.com/c/5.8.1/wp-includes/js/dist/vendor/regenerator-runtime.min.js]
[c0.wp.com/c/5.8.1/wp-includes/js/dist/vendor/wp-polyfill.min.js]
[easyshop64.com/wp-content/plugins/contact-form-7/includes/js/index4245.js]
[easyshop64.com/wp-content/plugins/muslim-prayer-time-bd/js/prayer-timea361.js]
[easyshop64.com/wp-content/themes/neve/assets/js/build/modern/frontend7c45.js]
[c0.wp.com/c/5.8.1/wp-includes/js/comment-reply.min.js]
[c0.wp.com/c/5.8.1/wp-includes/js/wp-embed.min.js]
[easyshop64.com/wp-content/plugins/elementor/assets/lib/jquery-numerator/jquery-numerator.min3958.js]
[easyshop64.com/wp-content/plugins/elementor-pro/assets/js/webpack-pro.runtime.minee9a.js]
[easyshop64.com/wp-content/plugins/elementor/assets/js/webpack.runtime.min9bf7.js]
[easyshop64.com/wp-content/plugins/elementor/assets/js/frontend-modules.min9bf7.js]
[easyshop64.com/wp-content/plugins/elementor-pro/assets/lib/sticky/jquery.sticky.minee9a.js]
[easyshop64.com/wp-content/plugins/elementor-pro/assets/js/frontend.minee9a.js]
[easyshop64.com/wp-content/plugins/elementor/assets/lib/waypoints/waypoints.min05da.js]
[c0.wp.com/c/5.8.1/wp-includes/js/jquery/ui/core.min.js]
[easyshop64.com/wp-content/plugins/elementor/assets/lib/swiper/swiper.min48f5.js]
[easyshop64.com/wp-content/plugins/elementor/assets/lib/share-link/share-link.min9bf7.js]
[easyshop64.com/wp-content/plugins/elementor/assets/lib/dialog/dialog.mina288.js]
[easyshop64.com/wp-content/plugins/elementor/assets/js/frontend.min9bf7.js]
[easyshop64.com/wp-content/plugins/elementor/assets/js/preloaded-modules.min9bf7.js]
[easyshop64.com/wp-content/plugins/elementor-pro/assets/js/preloaded-elements-handlers.minee9a.js]
[easyshop64.com/index.html]
[c0.wp.com/c/5.8.1/wp-includes/css/dist/block-library/style.min.css]
[stats.wp.com/e-202143.js]
[c0.wp.com/c/5.8.1/wp-includes/js/mediaelement/mediaelementplayer-legacy.min.css]
[c0.wp.com/c/5.8.1/wp-includes/js/mediaelement/wp-mediaelement.min.css]
[easyshop64.com/wp-content/plugins/contact-form-7/includes/css/styles4245.css]
[c0.wp.com/c/5.8.1/wp-includes/js/mediaelement/mejs-controls.svg]
[easyshop64.com/wp-content/plugins/muslim-prayer-time-bd/images/arrow-down.png]
[easyshop64.com/wp-content/plugins/muslim-prayer-time-bd/css/prayer-timea361.css]
[easyshop64.com/wp-content/themes/neve/style-main-new.min7c45.css]
[easyshop64.com/wp-content/plugins/elementor/assets/lib/eicons/fonts/eiconsc387.eot]
[easyshop64.com/wp-content/plugins/elementor/assets/lib/eicons/fonts/eiconsc387.woff2]
[easyshop64.com/wp-content/plugins/elementor/assets/lib/eicons/fonts/eiconsc387.woff]
[easyshop64.com/wp-content/plugins/elementor/assets/lib/eicons/css/elementor-icons.min05c8.css]
[easyshop64.com/wp-content/plugins/elementor/assets/css/frontend.min9bf7.css]
[easyshop64.com/wp-content/uploads/elementor/css/post-10e99f.css]
[easyshop64.com/wp-content/plugins/elementor-pro/assets/css/frontend.minee9a.css]
[easyshop64.com/wp-content/uploads/elementor/css/globale99f.css]
[easyshop64.com/wp-content/uploads/elementor/css/post-6409ec6.css]
[easyshop64.com/wp-content/plugins/elementor/assets/lib/eicons/fonts/eiconsc387.svg]
[easyshop64.com/wp-content/plugins/elementor/assets/lib/eicons/fonts/eiconsc387.ttf]
[c0.wp.com/p/jetpack/10.2.1/modules/shortcodes/img/slideshow-controls.png]
[c0.wp.com/p/jetpack/10.2.1/modules/shortcodes/img/slideshow-controls-2x.png]
[c0.wp.com/p/jetpack/10.2.1/modules/shortcodes/images/slide-nav.png]
[c0.wp.com/p/jetpack/10.2.1/modules/shortcodes/images/expand.png]
[c0.wp.com/p/jetpack/10.2.1/modules/shortcodes/images/collapse.png]
[secure.gravatar.com/images/grav-share-sprite.png]
[c0.wp.com/p/jetpack/10.2.1/css/jetpack.css]
[easyshop64.com/xmlrpc0db0.html]
[easyshop64.com/wp-json/wp/v2/pages/3133.json]
[easyshop64.com/wp-json/oembed/1.0/embed3c24.json]
[easyshop64.com/wp-json/oembed/1.0/embede9ba]
[i2.wp.com/easyshop64.com/wp-content/uploads/2021/08/demo-theme-pdf-copy76c4.jpg]
[easyshop64.com/biz-express/index.html]
[easyshop64.com/wp-content/uploads/elementor/css/post-2499d8d5.css]
[easyshop64.com/wp-json/wp/v2/pages/2499.json]
[easyshop64.com/wp-json/oembed/1.0/embedb37d.json]
[easyshop64.com/wp-json/oembed/1.0/embed4d48]
[i0.wp.com/easyshop64.com/wp-content/uploads/2021/08/Darazfee8.jpg]
[i2.wp.com/easyshop64.com/wp-content/uploads/2021/08/Untitled-1-copy-1fee8.jpg]
[i1.wp.com/easyshop64.com/wp-content/uploads/2021/08/Untitled-1555-1fee8.jpg]
[i2.wp.com/easyshop64.com/wp-content/uploads/2021/08/Untitled-1-copy-2fee8.jpg]
[i0.wp.com/easyshop64.com/wp-content/uploads/2021/08/chaldalfee8.jpg]
[i0.wp.com/easyshop64.com/wp-content/uploads/2021/08/QCoomfee8.jpg]
[i1.wp.com/easyshop64.com/wp-content/uploads/2021/08/Alibabafee8.jpg]
[i0.wp.com/easyshop64.com/wp-content/uploads/2021/08/boom-boomfee8.jpg]
[i2.wp.com/easyshop64.com/wp-content/uploads/2021/08/damaka.jpg777fee8.jpg]
[i2.wp.com/easyshop64.com/wp-content/uploads/2021/09/ghorerbazarfee8.jpg]
[i2.wp.com/easyshop64.com/wp-content/uploads/2021/08/Chahidafee8.jpg]
[i2.wp.com/easyshop64.com/wp-content/uploads/2021/09/bikroybazaar.com_fee8.jpg]
[i1.wp.com/easyshop64.com/wp-content/uploads/2021/09/fairmart.com_.bd-1fee8.jpg]
[easyshop64.com/ecommerce/index.html]
[easyshop64.com/wp-content/uploads/elementor/css/post-286995fd.css]
[easyshop64.com/wp-json/wp/v2/pages/2869.json]
[easyshop64.com/wp-json/oembed/1.0/embedee71.json]
[easyshop64.com/wp-json/oembed/1.0/embed8fdb]
[i1.wp.com/easyshop64.com/wp-content/uploads/2021/08/MD-BANGLA-NATOKfee8.jpg]
[i2.wp.com/easyshop64.com/wp-content/uploads/2021/08/HD-HINDI-SONG-copyfee8.jpg]
[i2.wp.com/easyshop64.com/wp-content/uploads/2021/08/adaalatfee8.jpg]
[i0.wp.com/easyshop64.com/wp-content/uploads/2021/09/Baby-Drawing-1fee8.jpg]
[i1.wp.com/easyshop64.com/wp-content/uploads/2021/09/Dance-Centrefee8.jpg]
[i0.wp.com/easyshop64.com/wp-content/uploads/2021/09/funny-videofee8.jpg]
[i0.wp.com/easyshop64.com/wp-content/uploads/2021/09/HD-Movie-Indian-Banglafee8.jpg]
[i0.wp.com/easyshop64.com/wp-content/uploads/2021/09/HD-Bangla-Moviefee8.jpg]
[i0.wp.com/easyshop64.com/wp-content/uploads/2021/09/ojana-kisu-tottofee8.jpg]
[i2.wp.com/easyshop64.com/wp-content/uploads/2021/09/Rannar-mojar-sob-resipifee8.jpg]
[i0.wp.com/easyshop64.com/wp-content/uploads/2021/09/Baby-Toy-Gamesfee8.jpg]
[i0.wp.com/easyshop64.com/wp-content/uploads/2021/10/Learn-English-in-simple-techniquesfee8.jpg]
[easyshop64.com/youtube/index.html]
[easyshop64.com/wp-content/uploads/elementor/css/post-2597702c.css]
[easyshop64.com/wp-json/wp/v2/pages/2597.json]
[easyshop64.com/wp-json/oembed/1.0/embed57a4.json]
[easyshop64.com/wp-json/oembed/1.0/embedebd0]
[i1.wp.com/easyshop64.com/wp-content/uploads/2021/08/gp1fee8.jpg]
[i2.wp.com/easyshop64.com/wp-content/uploads/2021/08/robifee8.jpg]
[i2.wp.com/easyshop64.com/wp-content/uploads/2021/08/Airtalfee8.jpg]
[i0.wp.com/easyshop64.com/wp-content/uploads/2021/08/Banglalinkfee8.jpg]
[i2.wp.com/easyshop64.com/wp-content/uploads/2021/08/talitokfee8.jpg]
[easyshop64.com/all-sim/index.html]
[easyshop64.com/wp-content/uploads/elementor/css/post-2307a2eb.css]
[easyshop64.com/wp-json/wp/v2/pages/2307.json]
[easyshop64.com/wp-json/oembed/1.0/embedaec8.json]
[easyshop64.com/contact-us/index.html]
[easyshop64.com/wp-json/oembed/1.0/embedf7a1]
[easyshop64.com/wp-json/wp/v2/pages/3012.json]
[easyshop64.com/wp-json/oembed/1.0/embed89cd.json]
[easyshop64.com/privacy-policy/index.html]
[easyshop64.com/wp-json/oembed/1.0/embedc49d]
[easyshop64.com/wp-json/wp/v2/pages/3085.json]
[easyshop64.com/wp-json/oembed/1.0/embed34da.json]
[easyshop64.com/terms-conditions/index.html]
[easyshop64.com/wp-json/oembed/1.0/embed25da]
[easyshop64.com/wp-json/wp/v2/pages/715.json]
[easyshop64.com/wp-json/oembed/1.0/embed47f8.json]
[easyshop64.com/about-us-2/index.html]
[easyshop64.com/wp-json/oembed/1.0/embeddf68]
[easyshop64.com/wp-content/uploads/elementor/css/post-3198aed9.css]
[easyshop64.com/wp-json/wp/v2/posts/3198.json]
[easyshop64.com/wp-json/oembed/1.0/embed0ce6.json]
[easyshop64.com/wp-json/oembed/1.0/embed8dc0]
[i0.wp.com/easyshop64.com/wp-content/uploads/2021/09/Arogga-Online-Pharmacy-easyshop64.com_fee8.jpg]
[i1.wp.com/easyshop64.com/wp-content/uploads/2021/09/Othoba-comfee8.jpg]
[i0.wp.com/easyshop64.com/wp-content/uploads/2021/09/Rokomari-easyshop64.com_fee8.jpg]
[i1.wp.com/easyshop64.com/wp-content/uploads/2021/09/drobboo1fee8.jpg]
[i0.wp.com/easyshop64.com/wp-content/uploads/2021/09/siraj-gongfee8.jpg]
[i2.wp.com/easyshop64.com/wp-content/uploads/2021/09/bikroybabafee8.jpg]
[i2.wp.com/easyshop64.com/wp-content/uploads/2021/09/Jogan-Easyshop64.com_fee8.jpg]
[i0.wp.com/easyshop64.com/wp-content/uploads/2021/09/Seba-Easyshop64.com_fee8.jpg]
[i2.wp.com/easyshop64.com/wp-content/uploads/2021/09/hatbazar-Easyshop64.com_fee8.jpg]
[i1.wp.com/easyshop64.com/wp-content/uploads/2021/09/Chef-cart-Easyshop64.com_fee8.jpg]
[i2.wp.com/easyshop64.com/wp-content/uploads/2021/09/Khaas-food-Easyshop64.com_fee8.jpg]
[easyshop64.com/2021/09/07/e/index.html]
[easyshop64.com/wp-content/uploads/elementor/css/post-63773fd5.css]
[easyshop64.com/wp-json/wp/v2/pages/6377.json]
[easyshop64.com/wp-json/oembed/1.0/embed95b6.json]
[easyshop64.com/wp-json/oembed/1.0/embede13c]
[i1.wp.com/easyshop64.com/wp-content/uploads/2021/10/Livefee8.jpg]
[i1.wp.com/easyshop64.com/wp-content/uploads/2021/10/Zee4cff.jpg]
[i1.wp.com/easyshop64.com/wp-content/uploads/2021/10/Ntv-14cff.jpg]
[easyshop64.com/2021/10/30/live-cricket/index.html]
[i0.wp.com/easyshop64.com/wp-content/uploads/2021/10/Somoy-tv-14cff.jpg]
[i0.wp.com/easyshop64.com/wp-content/uploads/2021/10/Bisakhi-copy4cff.jpg]
[i2.wp.com/easyshop64.com/wp-content/uploads/2021/10/24-14cff.jpg]
[i0.wp.com/easyshop64.com/wp-content/uploads/2021/10/independent-tv-14cff.jpg]
[i0.wp.com/easyshop64.com/wp-content/uploads/2021/10/btv-world4cff.jpg]
[i0.wp.com/easyshop64.com/wp-content/uploads/2021/10/my4cff.png]
[i2.wp.com/easyshop64.com/wp-content/uploads/2021/10/R-tv-14cff.jpg]
[i2.wp.com/easyshop64.com/wp-content/uploads/2021/10/71-tv4cff.png]
[i2.wp.com/easyshop64.com/wp-content/uploads/2021/10/news244cff.jpg]
[i1.wp.com/easyshop64.com/wp-content/uploads/2021/10/Satv4cff.jpg]
[i1.wp.com/easyshop64.com/wp-content/uploads/2021/10/atn-bangla4cff.jpg]
[i0.wp.com/easyshop64.com/wp-content/uploads/2021/10/Atn-news4cff.jpg]
[i0.wp.com/easyshop64.com/wp-content/uploads/2021/10/ATN-Music4cff.jpg]
[i2.wp.com/easyshop64.com/wp-content/uploads/2021/10/DBC-tv4cff.jpg]
[i0.wp.com/easyshop64.com/wp-content/uploads/2021/10/atn-islamic-tv_24cff.jpg]
[i2.wp.com/easyshop64.com/wp-content/uploads/2021/10/Anondo-tv4cff.png]
[i0.wp.com/easyshop64.com/wp-content/uploads/2021/10/Mohona_Logo-14cff.jpg]
[i2.wp.com/easyshop64.com/wp-content/uploads/2021/10/bangla-24cff.jpg]
[i2.wp.com/easyshop64.com/wp-content/uploads/2021/10/gaan-bangla4cff.png]
[i2.wp.com/easyshop64.com/wp-content/uploads/2021/10/Nagorik4cff.jpg]
[i0.wp.com/easyshop64.com/wp-content/uploads/2021/10/Gazi-tv4cff.jpg]
[i0.wp.com/easyshop64.com/wp-content/uploads/2021/10/Jamuna-tv4cff.jpg]
[easyshop64.com/2021/10/30/gazi-tv-live/index.html]
[i1.wp.com/easyshop64.com/wp-content/uploads/2021/10/Asian-tv4cff.jpg]
[i0.wp.com/easyshop64.com/wp-content/uploads/2021/10/lotas4cff.jpg]
[i2.wp.com/easyshop64.com/wp-content/uploads/2021/10/dw-tv4cff.jpg]
[easyshop64.com/all-tv-channel/index.html]
[easyshop64.com/2021/10/30/asian-tv-live/index.html]
[easyshop64.com/wp-content/uploads/elementor/css/post-5035ba8f.css]
[easyshop64.com/wp-json/wp/v2/pages/5035.json]
[easyshop64.com/wp-json/oembed/1.0/embedfdbb.json]
[easyshop64.com/wp-json/oembed/1.0/embed9e67]
[i0.wp.com/easyshop64.com/wp-content/uploads/2021/09/Prothom-alo-Easyshop64.com_2b75.jpg]
[i1.wp.com/easyshop64.com/wp-content/uploads/2021/09/kalerkantho-easyshop64.com_2b75.jpg]
[i1.wp.com/easyshop64.com/wp-content/uploads/2021/09/bangdesh-pratidin-easyshop64.com_2b75.jpg]
[i2.wp.com/easyshop64.com/wp-content/uploads/2021/09/Doinik-ittefaq-easyshop64.com_2b75.jpg]
[i0.wp.com/easyshop64.com/wp-content/uploads/2021/09/daily-nayadiganta-easyshop64.com_2b75.jpg]
[i0.wp.com/easyshop64.com/wp-content/uploads/2021/09/jugantor-easyshop64.com_2b75.jpg]
[i2.wp.com/easyshop64.com/wp-content/uploads/2021/09/Manob-zamin-easyshop64.com_2b75.jpg]
[i1.wp.com/easyshop64.com/wp-content/uploads/2021/09/adershomoy-easyshop64.com_2b75.jpg]
[i1.wp.com/easyshop64.com/wp-content/uploads/2021/09/Somokal-easyshop64.com_2b75.jpg]
[i1.wp.com/easyshop64.com/wp-content/uploads/2021/09/dailyjanakantha-easyshop642b75.jpg]
[i1.wp.com/easyshop64.com/wp-content/uploads/2021/09/jaijaidin-easyshop64.com_2b75.jpg]
[i2.wp.com/easyshop64.com/wp-content/uploads/2021/09/bhorerkagoj-easyshop64.com_2b75.jpg]
[i1.wp.com/easyshop64.com/wp-content/uploads/2021/09/dailyinqilab-easyshop64.com_2b75.jpg]
[i2.wp.com/easyshop64.com/wp-content/uploads/2021/09/arthoniteerkagoj-easyshop64.com_2b75.jpg]
[i1.wp.com/easyshop64.com/wp-content/uploads/2021/09/manobkantha-easyshop64.com_2b75.jpg]
[i0.wp.com/easyshop64.com/wp-content/uploads/2021/09/Daily-Suprobhat-easyshop64.com_2b75.jpg]
[i0.wp.com/easyshop64.com/wp-content/uploads/2021/09/Bangladesh-Journal-easyshop64.com_2b75.jpg]
[i0.wp.com/easyshop64.com/wp-content/uploads/2021/09/Daily-Amar-Sangbad-easyshop64.com_-12b75.jpg]
[i1.wp.com/easyshop64.com/wp-content/uploads/2021/09/Bonik-Barta-easyshop64.com_2b75.jpg]
[i2.wp.com/easyshop64.com/wp-content/uploads/2021/09/Dhakar-Dak-easyshop64.com_2b75.jpg]
[i0.wp.com/easyshop64.com/wp-content/uploads/2021/09/shomoyeralo-easyshop64.com_2b75.jpg]
[i2.wp.com/easyshop64.com/wp-content/uploads/2021/09/the-dailystar-easyshop64.com_2b75.jpg]
[i1.wp.com/easyshop64.com/wp-content/uploads/2021/09/Bangladesh-Post-easyshop64.com_2b75.jpg]
[i0.wp.com/easyshop64.com/wp-content/uploads/2021/09/dhaka-tribuner-easyshop64.com_2b75.jpg]
[easyshop64.com/all-newspaper/index.html]
[easyshop64.com/wp-json/wp/v2/posts/5219.json]
[easyshop64.com/wp-json/oembed/1.0/embed6a30.json]
[easyshop64.com/wp-json/oembed/1.0/embede244]
[i1.wp.com/easyshop64.com/wp-content/uploads/2021/09/ABC-radio-FM-easyshop64.com_fee8.jpg]
[i1.wp.com/easyshop64.com/wp-content/uploads/2021/09/Dhaka-FM-easyshop64.com_fee8.jpg]
[i2.wp.com/easyshop64.com/wp-content/uploads/2021/09/Radio-today-FM-easyshop64.com_fee8.jpg]
[i2.wp.com/easyshop64.com/wp-content/uploads/2021/09/Radio-Foorti-FM-easyshop64.com_fee8.jpg]
[i1.wp.com/easyshop64.com/wp-content/uploads/2021/09/Jago-FM-easyshop64.com_fee8.jpg]
[i0.wp.com/easyshop64.com/wp-content/uploads/2021/09/peoples-radio-FM-easyshop64.com_fee8.jpg]
[i1.wp.com/easyshop64.com/wp-content/uploads/2021/09/radio-padma-FM-easyshop64.com_fee8.jpg]
[i1.wp.com/easyshop64.com/wp-content/uploads/2021/09/BBC-Bangla-Radio-FM-easyshop64.com_fee8.jpg]
[i2.wp.com/easyshop64.com/wp-content/uploads/2021/09/radio-Ambar-FM-easyshop64.com_fee8.jpg]
[i1.wp.com/easyshop64.com/wp-content/uploads/2021/09/radioSpice-FM-easyshop64.com_fee8.jpg]
[easyshop64.com/2021/09/28/all-radio-channel/index.html]
[easyshop64.com/wp-content/uploads/elementor/css/post-36455b00.css]
[easyshop64.com/wp-json/wp/v2/posts/3645.json]
[easyshop64.com/wp-json/oembed/1.0/embed84d7.json]
[easyshop64.com/wp-json/oembed/1.0/embed9ce0]
[i0.wp.com/easyshop64.com/wp-content/uploads/2021/09/Bdjob-Easy-Shop64-Easy-Appfee8.jpg]
[i0.wp.com/easyshop64.com/wp-content/uploads/2021/09/Kormo-jon-Easy-Shop64-Easy-Appfee8.jpg]
[i1.wp.com/easyshop64.com/wp-content/uploads/2021/09/sorkari-chakrifee8.jpg]
[i2.wp.com/easyshop64.com/wp-content/uploads/2021/09/all-job-circular-Easy-App-Easy-Shop64fee8.jpg]
[easyshop64.com/2021/09/09/all-job-bd-job/index.html]
[easyshop64.com/wp-content/uploads/elementor/css/post-58339eaa.css]
[easyshop64.com/wp-json/wp/v2/pages/5833.json]
[easyshop64.com/wp-json/oembed/1.0/embed7299.json]
[easyshop64.com/wp-json/oembed/1.0/embed492f]
[i0.wp.com/easyshop64.com/wp-content/uploads/2021/10/Scientific-Calculator-Easyshop64.com_fee8.jpg]
[i1.wp.com/easyshop64.com/wp-content/uploads/2021/09/Age-Calculatorfee8.jpg]
[easyshop64.com/scientific-and-age-calculator/index.html]
[easyshop64.com/2021/09/28/সাধারণ-জ্ঞান-বাংলাদেশ-বি/index.html]
[easyshop64.com/wp-content/uploads/elementor/css/post-59189920.css]
[easyshop64.com/2021/10/10/all-exam-result/feed/index.html]
[easyshop64.com/wp-json/wp/v2/posts/5918.json]
[easyshop64.com/wp-json/oembed/1.0/embed1a14.json]
[easyshop64.com/wp-json/oembed/1.0/embed5dbe]
[i2.wp.com/easyshop64.com/wp-content/uploads/2021/10/PSC-Resultfee8.jpg]
[i2.wp.com/easyshop64.com/wp-content/uploads/2021/10/jsc-Resultfee8.jpg]
[i2.wp.com/easyshop64.com/wp-content/uploads/2021/10/Jdc-Resultfee8.jpg]
[i1.wp.com/easyshop64.com/wp-content/uploads/2021/10/SSC-Resultfee8.jpg]
[i1.wp.com/easyshop64.com/wp-content/uploads/2021/10/dakhil-Resultfee8.jpg]
[i0.wp.com/easyshop64.com/wp-content/uploads/2021/10/Alim-Resultfee8.jpg]
[i0.wp.com/easyshop64.com/wp-content/uploads/2021/10/SSC-Result-1fee8.jpg]
[i0.wp.com/easyshop64.com/wp-content/uploads/2021/10/diploma-in-commercefee8.jpg]
[i0.wp.com/easyshop64.com/wp-content/uploads/2021/10/diploma-in-business-studiesResultfee8.jpg]
[i2.wp.com/easyshop64.com/wp-content/uploads/2021/10/national-universityfee8.jpg]
[i2.wp.com/easyshop64.com/wp-content/uploads/2021/10/NTRCAResult-Easyshop64.com_fee8.jpg]
[i2.wp.com/easyshop64.com/wp-content/uploads/2021/10/BTEB-esult-Easyshop64.com_fee8.jpg]
[i0.wp.com/easyshop64.com/wp-content/uploads/2021/10/BCPS-Result-Easyshop64.com_fee8.jpg]
[easyshop64.com/2021/10/14/sms-exam-result-system/index.html]
[i1.wp.com/easyshop64.com/wp-content/uploads/2021/10/SMS-Exam-Result-Systemfee8.jpg]
[i0.wp.com/easyshop64.com/wp-content/uploads/2021/10/All-Admison-Easyshop64.com_fee8.jpg]
[easyshop64.com/2021/10/10/all-exam-result/index.html]
[easyshop64.com/wp-content/uploads/elementor/css/post-3063f7fe.css]
[easyshop64.com/wp-json/wp/v2/posts/3063.json]
[easyshop64.com/wp-json/oembed/1.0/embed854f.json]
[easyshop64.com/wp-json/oembed/1.0/embedcbc4]
[i2.wp.com/easyshop64.com/wp-content/uploads/2021/08/brb-hospital-limitedfee8.jpg]
[i1.wp.com/easyshop64.com/wp-content/uploads/2021/08/Square-Hospital-Limitedfee8.jpg]
[i2.wp.com/easyshop64.com/wp-content/uploads/2021/08/apollo-hospitalsfee8.jpg]
[i2.wp.com/easyshop64.com/wp-content/uploads/2021/08/ibnsinatrustfee8.jpg]
[i1.wp.com/easyshop64.com/wp-content/uploads/2021/08/islami-bank-hospitalfee8.jpg]
[i2.wp.com/easyshop64.com/wp-content/uploads/2021/08/asgarali-hospitalfee8.jpg]
[i0.wp.com/easyshop64.com/wp-content/uploads/2021/08/popular-diagnosticfee8.jpg]
[i0.wp.com/easyshop64.com/wp-content/uploads/2021/08/Unitedfee8.jpg]
[i0.wp.com/easyshop64.com/wp-content/uploads/2021/08/bdspecializedhospitalfee8.jpg]
[i1.wp.com/easyshop64.com/wp-content/uploads/2021/08/Dr.-Sirajul-Islam-Medical-College-Hospitalfee8.jpg]
[i1.wp.com/easyshop64.com/wp-content/uploads/2021/08/Ad-din-Hospitalfee8.jpg]
[i0.wp.com/easyshop64.com/wp-content/uploads/2021/08/all-hospital-locationfee8.jpg]
[easyshop64.com/2021/08/20/hospital-address-details/index.html]
[easyshop64.com/2021/09/15/all-hospital-location/index.html]
[easyshop64.com/wp-content/uploads/elementor/css/post-433228b3.css]
[easyshop64.com/wp-json/wp/v2/posts/4332.json]
[easyshop64.com/wp-json/oembed/1.0/embed0ee9.json]
[easyshop64.com/wp-json/oembed/1.0/embed5613]
[i1.wp.com/easyshop64.com/wp-content/uploads/2021/08/bioscopefee8.jpg]
[i2.wp.com/easyshop64.com/wp-content/uploads/2021/09/Bongofee8.jpg]
[easyshop64.com/2021/09/18/bioscope-bongo/index.html]
[easyshop64.com/wp-content/uploads/elementor/css/post-37327f26.css]
[easyshop64.com/wp-json/wp/v2/posts/3732.json]
[easyshop64.com/wp-json/oembed/1.0/embed1777.json]
[easyshop64.com/wp-json/oembed/1.0/embedcede]
[i1.wp.com/easyshop64.com/wp-content/uploads/2021/09/Easyshop-mobile-update6c98.jpg]
[i2.wp.com/easyshop64.com/wp-content/uploads/2021/09/All-Mobile-Update-1fee8.jpg]
[i2.wp.com/easyshop64.com/wp-content/uploads/2021/09/All-Mobile-Update-2fee8.jpg]
[i2.wp.com/easyshop64.com/wp-content/uploads/2021/09/All-Mobile-Update3fee8.jpg]
[easyshop64.com/2021/09/13/all-new-mobile-update/index.html]
[easyshop64.com/wp-content/uploads/elementor/css/post-370259dc.css]
[easyshop64.com/wp-json/wp/v2/posts/3702.json]
[easyshop64.com/wp-json/oembed/1.0/embed356c.json]
[easyshop64.com/wp-json/oembed/1.0/embedc307]
[i2.wp.com/easyshop64.com/wp-content/uploads/2021/09/Train-ticket-onlinefee8.jpg]
[i1.wp.com/easyshop64.com/wp-content/uploads/2021/09/bus-lanch-1fee8.jpg]
[i2.wp.com/easyshop64.com/wp-content/uploads/2021/09/Sohojfee8.jpg]
[easyshop64.com/2021/09/13/train-ticket-online/index.html]
[easyshop64.com/wp-content/uploads/elementor/css/post-4874b5d2.css]
[easyshop64.com/2021/09/23/lanch-bus-time/feed/index.html]
[easyshop64.com/wp-json/wp/v2/posts/4874.json]
[easyshop64.com/wp-json/oembed/1.0/embed3209.json]
[easyshop64.com/wp-json/oembed/1.0/embed4994]
[i1.wp.com/easyshop64.com/wp-content/uploads/2021/09/Lanchfee8.jpg]
[i1.wp.com/easyshop64.com/wp-content/uploads/2021/08/busfee8.jpg]
[easyshop64.com/2021/09/23/lanch-bus-time/index.html]
[easyshop64.com/wp-content/uploads/elementor/css/post-3833d8aa.css]
[easyshop64.com/2021/09/07/lanch/index.html]
[easyshop64.com/wp-json/wp/v2/posts/3833.json]
[easyshop64.com/wp-json/oembed/1.0/embed9ed6.json]
[easyshop64.com/wp-json/oembed/1.0/embedd83d]
[i1.wp.com/easyshop64.com/wp-content/uploads/2021/09/Nurani-Namaz-Sishkha-82b75.jpg]
[i2.wp.com/easyshop64.com/wp-content/uploads/2021/09/Nurani-Namaz-Sishkha-92b75.jpg]
[easyshop64.com/2021/09/19/namaz-time/index.html]
[i1.wp.com/easyshop64.com/wp-content/uploads/2021/09/Nurani-Namaz-Sishkha-1-12b75.jpg]
[easyshop64.com/2021/09/21/আজান/index.html]
[i2.wp.com/easyshop64.com/wp-content/uploads/2021/09/Nurani-Namaz-Sishkha-2-12b75.jpg]
[easyshop64.com/2021/09/13/পাঁচ-ওয়াক্ত-নামাজের-রাকা/index.html]
[i0.wp.com/easyshop64.com/wp-content/uploads/2021/09/Nurani-Namaz-Sishkha-3-12b75.jpg]
[i1.wp.com/easyshop64.com/wp-content/uploads/2021/09/Nurani-Namaz-Sishkha-62b75.jpg]
[easyshop64.com/2021/09/13/পাচঁ-ওয়াক্ত-নামাজের-নিয়ত/index.html]
[easyshop64.com/2021/09/14/নামাজ-পড়ার-নিয়ম/index.html]
[easyshop64.com/2021/09/14/নামাজ-পড়ার-সঠিক-নিয়ম-চিত্/index.html]
[i2.wp.com/easyshop64.com/wp-content/uploads/2021/09/Nurani-Namaz-Sishkha-42b75.jpg]
[i1.wp.com/easyshop64.com/wp-content/uploads/2021/09/Nurani-Namaz-Sishkha-52b75.jpg]
[i1.wp.com/easyshop64.com/wp-content/uploads/2021/09/Nurani-Namaz-Sishkha-72b75.jpg]
[easyshop64.com/2021/09/14/পাঁচ-কালিমা/index.html]
[easyshop64.com/2021/09/13/namaz-sikkha/index.html]
[easyshop64.com/2021/09/14/অযুর-দোয়া-এবং-অযুর-করার-নি/index.html]
[easyshop64.com/2021/09/16/নাজ-পড়ার-সূরা/index.html]
[easyshop64.com/wp-content/uploads/elementor/css/post-4789440f.css]
[easyshop64.com/wp-json/wp/v2/posts/4789.json]
[easyshop64.com/wp-json/oembed/1.0/embed95a7.json]
[easyshop64.com/wp-json/oembed/1.0/embed0a57]
[i0.wp.com/easyshop64.com/wp-content/uploads/2021/09/sensiblematchfee8.jpg]
[i2.wp.com/easyshop64.com/wp-content/uploads/2021/09/marriage-match-bdfee8.jpg]
[i2.wp.com/easyshop64.com/wp-content/uploads/2021/09/Monfee8.jpg]
[i2.wp.com/easyshop64.com/wp-content/uploads/2021/09/Badhon-1fee8.jpg]
[i2.wp.com/easyshop64.com/wp-content/uploads/2021/09/marriagesolutionbdfee8.jpg]
[i2.wp.com/easyshop64.com/wp-content/uploads/2021/09/Antora-1fee8.jpg]
[easyshop64.com/2021/09/23/marriage-media/index.html]
[easyshop64.com/wp-content/uploads/elementor/css/post-2797de78.css]
[easyshop64.com/wp-json/wp/v2/pages/2797.json]
[easyshop64.com/wp-json/oembed/1.0/embed3f7c.json]
[easyshop64.com/wp-json/oembed/1.0/embed1cab]
[i1.wp.com/easyshop64.com/wp-content/uploads/2021/08/facebookfee8.jpg]
[i1.wp.com/easyshop64.com/wp-content/uploads/2021/08/Tiktok-1fee8.jpg]
[i2.wp.com/easyshop64.com/wp-content/uploads/2021/08/likeefee8.jpg]
[i2.wp.com/easyshop64.com/wp-content/uploads/2021/09/instagramfee8.jpg]
[i1.wp.com/easyshop64.com/wp-content/uploads/2021/09/twtarfee8.jpg]
[i2.wp.com/easyshop64.com/wp-content/uploads/2021/09/Bigo-livefee8.jpg]
[i1.wp.com/easyshop64.com/wp-content/uploads/2021/09/skypyfee8.jpg]
[i0.wp.com/easyshop64.com/wp-content/uploads/2021/09/zoomfee8.jpg]
[easyshop64.com/tiktok/index.html]
[easyshop64.com/2021/09/09/পর্যটন-কেন্দ্র/index.html]
[easyshop64.com/wp-content/uploads/elementor/css/post-2911a21b.css]
[easyshop64.com/wp-content/plugins/elementor/assets/lib/font-awesome/css/fontawesome.min52d5.css]
[easyshop64.com/wp-content/plugins/elementor/assets/lib/font-awesome/css/solid.min52d5.css]
[easyshop64.com/wp-content/plugins/elementor/assets/lib/font-awesome/css/regular.min52d5.css]
[easyshop64.com/2021/08/16/rup-chorcha/feed/index.html]
[easyshop64.com/wp-json/wp/v2/posts/2911.json]
[easyshop64.com/wp-json/oembed/1.0/embed9754.json]
[easyshop64.com/2021/08/16/rup-chorcha/index.html]
[easyshop64.com/2021/10/02/বই-ভান্ডার/index.html]
[easyshop64.com/wp-json/oembed/1.0/embede48f]
[easyshop64.com/wp-content/uploads/elementor/css/post-44346cce.css]
[easyshop64.com/wp-json/wp/v2/posts/4434.json]
[easyshop64.com/wp-json/oembed/1.0/embed5d18.json]
[easyshop64.com/wp-json/oembed/1.0/embed59ab]
[i2.wp.com/easyshop64.com/wp-content/uploads/2021/09/namecheapfee8.jpg]
[i1.wp.com/easyshop64.com/wp-content/uploads/2021/09/Web-Hostbdfee8.jpg]
[i1.wp.com/easyshop64.com/wp-content/uploads/2021/09/Nisrahostfee8.jpg]
[i2.wp.com/easyshop64.com/wp-content/uploads/2021/09/host-it-bdfee8.jpg]
[i0.wp.com/easyshop64.com/wp-content/uploads/2021/09/needwebhostfee8.jpg]
[i1.wp.com/easyshop64.com/wp-content/uploads/2021/09/bongodfee8.jpg]
[i0.wp.com/easyshop64.com/wp-content/uploads/2021/09/bestwebhostfee8.jpg]
[i1.wp.com/easyshop64.com/wp-content/uploads/2021/09/a2hostbdfee8.jpg]
[i2.wp.com/easyshop64.com/wp-content/uploads/2021/09/btmaxhostfee8.jpg]
[i1.wp.com/easyshop64.com/wp-content/uploads/2021/09/pokohost-Easyshop64.com_fee8.jpg]
[i0.wp.com/easyshop64.com/wp-content/uploads/2021/09/ebnhost-Easyshop64.com_fee8.jpg]
[i0.wp.com/easyshop64.com/wp-content/uploads/2021/09/daynahost-Easyshop64.com_fee8.jpg]
[i0.wp.com/easyshop64.com/wp-content/uploads/2021/09/Webitfirm-Easyshop64fee8.jpg]
[i0.wp.com/easyshop64.com/wp-content/uploads/2021/09/rackco-Easyshop64.com_fee8.jpg]
[i2.wp.com/easyshop64.com/wp-content/uploads/2021/09/knownhost-Easyshop64.com_fee8.jpg]
[i1.wp.com/easyshop64.com/wp-content/uploads/2021/09/gotmyhost-easyshop64.com_fee8.jpg]
[i0.wp.com/easyshop64.com/wp-content/uploads/2021/09/Hostinglagbe-easyshop64.com_fee8.jpg]
[easyshop64.com/2021/09/19/domain-hosting-service/index.html]
[easyshop64.com/wp-content/uploads/elementor/css/post-47491563.css]
[easyshop64.com/wp-json/wp/v2/posts/4749.json]
[easyshop64.com/wp-json/oembed/1.0/embed263b.json]
[easyshop64.com/wp-json/oembed/1.0/embedef4d]
[i1.wp.com/easyshop64.com/wp-content/uploads/2021/09/Ninitefee8.jpg]
[i0.wp.com/easyshop64.com/wp-content/uploads/2021/09/softtonicfee8.jpg]
[i2.wp.com/easyshop64.com/wp-content/uploads/2021/09/freewarefilesfee8.jpg]
[easyshop64.com/2021/09/23/computer-all-software/index.html]
[easyshop64.com/_data_image/svg+xml,_svg xmlns=http_/www.w3.org/2000/svg preserveAspectRatio=none overflow=visible h/__/svg_.html]
[easyshop64.com/wp-content/plugins/elementor/assets/lib/animations/animations.min9bf7.css]
[c0.wp.com/c/5.8.1/wp-includes/js/mediaelement/mejs-controls.svg]
[easyshop64.com/wp-content/plugins/elementor/assets/lib/eicons/fonts/eiconsc387.svg]
[easyshop64.com/indexe862.html]
[easyshop64.com/wp-content/uploads/elementor/css/post-2499d8d5.css]
[easyshop64.com/index726a.html]
[easyshop64.com/wp-content/uploads/elementor/css/post-286995fd.css]
[easyshop64.com/index28f0.html]
[easyshop64.com/wp-content/uploads/elementor/css/post-2597702c.css]
[easyshop64.com/index2565.html]
[easyshop64.com/wp-content/uploads/elementor/css/post-2307a2eb.css]
[easyshop64.com/index10e9.html]
[easyshop64.com/index6e62.html]
[easyshop64.com/index812a.html]
[easyshop64.com/index0c63.html]
[easyshop64.com/wp-content/uploads/elementor/css/post-3198aed9.css]
[easyshop64.com/index275b.html]
[easyshop64.com/wp-content/uploads/elementor/css/post-63773fd5.css]
[easyshop64.com/index1c5c.html]
[easyshop64.com/2021/10/30/live-cricket/feed/index.html]
[easyshop64.com/wp-json/wp/v2/posts/6648.json]
[easyshop64.com/wp-json/oembed/1.0/embed4342.json]
[easyshop64.com/2021/10/30/live-cricket/index.html]
[easyshop64.com/wp-json/oembed/1.0/embed1047]
[easyshop64.com/2021/10/30/gazi-tv-live/feed/index.html]
[easyshop64.com/wp-json/wp/v2/posts/6583.json]
[easyshop64.com/wp-json/oembed/1.0/embedf5b7.json]
[easyshop64.com/2021/10/30/gazi-tv-live/index.html]
[easyshop64.com/wp-json/oembed/1.0/embedfeae]
[easyshop64.com/wp-json/wp/v2/posts/6617.json]
[easyshop64.com/2021/10/30/jamuna-tv-live/index.html]
[easyshop64.com/2021/10/30/asian-tv-live/feed/index.html]
[easyshop64.com/wp-json/oembed/1.0/embedad69.json]
[easyshop64.com/2021/10/30/asian-tv-live/index.html]
[easyshop64.com/wp-content/uploads/elementor/css/post-5035ba8f.css]
[easyshop64.com/indexdc4f.html]
[easyshop64.com/indexb92c.html]
[easyshop64.com/wp-content/uploads/elementor/css/post-36455b00.css]
[easyshop64.com/index0a13.html]
[easyshop64.com/wp-content/uploads/elementor/css/post-58339eaa.css]
[easyshop64.com/index4eec.html]
[easyshop64.com/xmlrpc.html]
[easyshop64.com/wp-content/uploads/elementor/css/post-59189920.css]
[easyshop64.com/index342b.html]
[easyshop64.com/wp-json/oembed/1.0/embed8e60]
[easyshop64.com/wp-content/uploads/elementor/css/post-5980ee60.css]
[easyshop64.com/wp-content/uploads/elementor/css/post-5219ca15.css]
[easyshop64.com/2021/10/14/sms-exam-result-system/feed/index.html]
[easyshop64.com/wp-json/wp/v2/posts/5980.json]
[easyshop64.com/wp-json/oembed/1.0/embed5ab6.json]
[easyshop64.com/2021/10/14/sms-exam-result-system/index.html]
[easyshop64.com/wp-content/uploads/elementor/css/post-3063f7fe.css]
[easyshop64.com/index448f.html]
[easyshop64.com/wp-json/oembed/1.0/embed8149]
[easyshop64.com/wp-json/wp/v2/posts/4131.json]
[easyshop64.com/wp-json/oembed/1.0/embed4440.json]
[easyshop64.com/2021/09/15/all-hospital-location/index.html]
[easyshop64.com/wp-content/uploads/elementor/css/post-433228b3.css]
[easyshop64.com/index5567.html]
[easyshop64.com/wp-content/uploads/elementor/css/post-37327f26.css]
[easyshop64.com/indexbf88.html]
[easyshop64.com/wp-content/uploads/elementor/css/post-370259dc.css]
[easyshop64.com/index3679.html]
[easyshop64.com/wp-content/uploads/elementor/css/post-4874b5d2.css]
[easyshop64.com/index443f.html]
[easyshop64.com/wp-json/oembed/1.0/embedce1b]
[easyshop64.com/wp-content/uploads/elementor/css/post-3210e9e1.css]
[easyshop64.com/2021/09/07/lanch/feed/index.html]
[easyshop64.com/wp-json/wp/v2/posts/3210.json]
[easyshop64.com/wp-json/oembed/1.0/embedb8a7.json]
[easyshop64.com/wp-json/oembed/1.0/embed9ec4]
[i2.wp.com/easyshop64.com/wp-content/uploads/2021/09/chadurc426.jpg]
[i0.wp.com/easyshop64.com/wp-content/uploads/2021/09/dhaka9478.jpg]
[i2.wp.com/easyshop64.com/wp-content/uploads/2021/09/WhatsApp-Image-2021-08-25-at-10.02.08-AM4048.jpg]
[i2.wp.com/easyshop64.com/wp-content/uploads/2021/09/WhatsApp-Image-2021-08-25-at-10.02.08-AMd77f.jpg]
[easyshop64.com/2021/09/07/lanch/index.html]
[easyshop64.com/wp-content/uploads/elementor/css/post-3833d8aa.css]
[easyshop64.com/indexcde1.html]
[c0.wp.com/p/jetpack/10.2.1/_inc/build/carousel/jetpack-carousel.min.js]
[easyshop64.com/wp-json/wp/v2/posts/4397.json]
[easyshop64.com/wp-json/oembed/1.0/embedb66c.json]
[easyshop64.com/2021/09/19/namaz-time/index.html]
[easyshop64.com/2021/09/21/আজান/index.html]
[easyshop64.com/2021/09/13/পাঁচ-ওয়াক্ত-নামাজের-রাকা/index.html]
[easyshop64.com/2021/09/13/পাচঁ-ওয়াক্ত-নামাজের-নিয়ত/index.html]
[easyshop64.com/2021/09/14/নামাজ-পড়ার-নিয়ম/index.html]
[easyshop64.com/2021/09/14/নামাজ-পড়ার-সঠিক-নিয়ম-চিত্/index.html]
[easyshop64.com/2021/09/14/পাঁচ-কালিমা/index.html]
[easyshop64.com/2021/09/14/অযুর-দোয়া-এবং-অযুর-করার-নি/index.html]
[easyshop64.com/2021/09/16/নাজ-পড়ার-সূরা/index.html]
[easyshop64.com/wp-content/uploads/elementor/css/post-4789440f.css]
[easyshop64.com/index8810.html]
[easyshop64.com/wp-content/uploads/elementor/css/post-2797de78.css]
[easyshop64.com/indexa9b7.html]
[easyshop64.com/wp-content/uploads/elementor/css/post-2911a21b.css]
[easyshop64.com/wp-content/plugins/elementor/assets/lib/font-awesome/css/fontawesome.min52d5.css]
[easyshop64.com/wp-json/oembed/1.0/embed38ac]
[easyshop64.com/wp-content/plugins/elementor/assets/lib/font-awesome/webfonts/fa-solid-900.eot]
[easyshop64.com/wp-content/plugins/elementor/assets/lib/font-awesome/webfonts/fa-solid-900.woff2]
[easyshop64.com/wp-content/plugins/elementor/assets/lib/font-awesome/webfonts/fa-solid-900d41d.eot]
[easyshop64.com/wp-content/plugins/elementor/assets/lib/font-awesome/webfonts/fa-solid-900.woff]
[easyshop64.com/wp-content/plugins/elementor/assets/lib/font-awesome/webfonts/fa-solid-900.ttf]
[easyshop64.com/wp-content/plugins/elementor/assets/lib/font-awesome/css/solid.min52d5.css]
[easyshop64.com/wp-content/plugins/elementor/assets/lib/font-awesome/webfonts/fa-solid-900.svg]
[easyshop64.com/wp-content/plugins/elementor/assets/lib/font-awesome/webfonts/fa-regular-400d41d.eot]
[easyshop64.com/wp-content/plugins/elementor/assets/lib/font-awesome/webfonts/fa-regular-400.eot]
[easyshop64.com/wp-content/plugins/elementor/assets/lib/font-awesome/webfonts/fa-regular-400.woff2]
[easyshop64.com/wp-content/plugins/elementor/assets/lib/font-awesome/webfonts/fa-regular-400.woff]
[easyshop64.com/wp-content/plugins/elementor/assets/lib/font-awesome/webfonts/fa-regular-400.ttf]
[easyshop64.com/wp-content/plugins/elementor/assets/lib/font-awesome/css/regular.min52d5.css]
[easyshop64.com/indexf961.html]
[easyshop64.com/wp-content/uploads/elementor/css/post-44346cce.css]
[easyshop64.com/index6412.html]
[easyshop64.com/wp-content/uploads/elementor/css/post-47491563.css]
[easyshop64.com/index68b1.html]
[easyshop64.com/wp-content/plugins/elementor/assets/mask-shapes/circle.svg]
[easyshop64.com/wp-content/uploads/elementor/css/post-664892b7.css]
[easyshop64.com/indexf39e.html]
[easyshop64.com/wp-content/uploads/elementor/css/post-6583d905.css]
[easyshop64.com/index9bb3.html]
[easyshop64.com/wp-content/plugins/elementor/assets/lib/font-awesome/webfonts/fa-regular-400.svg]
[easyshop64.com/wp-json/wp/v2/posts/6602.json]
[easyshop64.com/2021/10/30/jamuna-tv-live/feed/index.html]
[easyshop64.com/wp-json/oembed/1.0/embede3e6.json]
[easyshop64.com/2021/10/30/jamuna-tv-live/index.html]
[easyshop64.com/indexb189.html]
[easyshop64.com/wp-content/uploads/elementor/css/post-5219ca15.css]
[easyshop64.com/wp-content/uploads/elementor/css/post-5980ee60.css]
[easyshop64.com/index1936.html]
[easyshop64.com/indexa8ea.html]
[easyshop64.com/wp-content/uploads/elementor/css/post-3210e9e1.css]
[easyshop64.com/index796a.html]
[easyshop64.com/indexe2fb.html]
[easyshop64.com/wp-json/oembed/1.0/embedec8b]
[easyshop64.com/wp-content/plugins/elementor/assets/lib/font-awesome/webfonts/fa-solid-900.svg]
[easyshop64.com/wp-content/plugins/elementor/assets/lib/font-awesome/webfonts/fa-regular-400.svg]
[easyshop64.com/indexa21b.html]
